<!DOCTYPE html>
<html>
<head>
<title>Home</title>
</head>
<body>

 
<!-- <table><tr align = center style = "font-size : 30px ";><td>OER van OVIS</td> </tr>
<tr align = center><td><sup style = "font-size : 18px "; >Optimalisering En Rendementverbetering van het Schaap</sup></td></tr></table>-->

<link rel="stylesheet" type="text/css" href="style.css">

<!-- BackToTop button javascript 
	bron : https://www.wpromotions.eu/nl/hoe-een-scroll-to-top-knop-toevoegen-aan-website-in-webnode/	-->
<script src="https://ajax.googleapis.com/ajax/libs/jquery/3.2.1/jquery.min.js"></script>

<!-- Deze links komen uit Zoeken.php per 14-12-2024 -->
<script src="https://code.jquery.com/jquery-1.12.4.js"></script>
<script src="https://code.jquery.com/ui/1.12.1/jquery-ui.js"></script>
<link href="https://cdnjs.cloudflare.com/ajax/libs/select2/4.0.3/css/select2.min.css" rel="stylesheet" />
<script src="https://cdnjs.cloudflare.com/ajax/libs/select2/4.0.3/js/select2.min.js"></script>
<!-- Einde Deze links komen uit Zoeken.php per 14-12-2024 -->

<script type="text/javascript">
$(document).ready(function(){
    $(window).scroll(function(){
        if($(this).scrollTop() > 100){
            $('#scroll').fadeIn();
        }else{
            $('#scroll').fadeOut();
        }
    });
    $('#scroll').click(function(){
        $("html, body").animate({ scrollTop: 0 }, 600);
        return false;
    });
});
</script>

 
<a href="javascript:void(0);" id="scroll" title="Scroll to Top" style="display: none;">Top<span></span></a> 

<!-- Einde BackToTop button javascript  -->



	<div id = "rechts_uitlijnen" class = 'header_breed'><section> </section><img src='OER_van_OVIS.jpg' /></div>

<ul class="header_smal" id = balkCoach >
		
	<li id = "rechts_uitlijnen"><a href='index.php' style = 'color : black'>Inloggen</a></li>




</ul>

<script src="test2_script_header.js"></script>

<table id ="table1">
<tbody>
<tr height = 90> </tr>
<TR>
	

<TD align = "center">
	<br>
	<br>
	<br>
	<br>
	<br>
	<br>

<img src="OER_van_OVIS.jpg" width=650 height=240 valign = "center"/>
	<br>
	<br>
	<br>


 


<link rel="stylesheet" type="text/css" href="style.css">

<!-- BackToTop button javascript 
	bron : https://www.wpromotions.eu/nl/hoe-een-scroll-to-top-knop-toevoegen-aan-website-in-webnode/	-->
<script src="https://ajax.googleapis.com/ajax/libs/jquery/3.2.1/jquery.min.js"></script>

<!-- Deze links komen uit Zoeken.php per 14-12-2024 -->
<script src="https://code.jquery.com/jquery-1.12.4.js"></script>
<script src="https://code.jquery.com/ui/1.12.1/jquery-ui.js"></script>
<link href="https://cdnjs.cloudflare.com/ajax/libs/select2/4.0.3/css/select2.min.css" rel="stylesheet" />
<script src="https://cdnjs.cloudflare.com/ajax/libs/select2/4.0.3/js/select2.min.js"></script>
<!-- Einde Deze links komen uit Zoeken.php per 14-12-2024 -->

<script type="text/javascript">
$(document).ready(function(){
    $(window).scroll(function(){
        if($(this).scrollTop() > 100){
            $('#scroll').fadeIn();
        }else{
            $('#scroll').fadeOut();
        }
    });
    $('#scroll').click(function(){
        $("html, body").animate({ scrollTop: 0 }, 600);
        return false;
    });
});
</script>

 
<a href="javascript:void(0);" id="scroll" title="Scroll to Top" style="display: none;">Top<span></span></a> 

<!-- Einde BackToTop button javascript  -->



	<div id = "rechts_uitlijnen" class = 'header_breed'><section> </section><img src='OER_van_OVIS.jpg' /></div>

<ul class="header_smal" id = balkCoach >
		
	<li id = "rechts_uitlijnen"><a href='http://oer-dev/index.php' style = 'color : black'>Inloggen</a></li>




</ul>

<script src="test2_script_header.js"></script>

<table id ="table1">
<tbody>
<tr height = 90> </tr>
<TR>
	
<br>
<form method="POST" action="Home.php">
<table border = 0 align = center>
<tr align = center>
<td colspan = 3> Je bent niet ingelogd </td>
</tr><tr align = center>
 <td colspan = 3>
    <input type="text" name="txtUser" size="20"><br>
 </td>
</tr>
<tr align = center>
 <td colspan = 3>
    <input type="password" name="txtPassw" size="20"><br>
 </td>
</tr>
<tr align = center>
<td width = 300></td>
 <td>
    <input type="submit" value="Inloggen" name="knpLogin">
 </td>
 <td width = 300> </td>
</tr></table>
 </form>
</TD>

</body>
</html>
