
<!DOCTYPE html>
<html>
<head>
<title>Home</title>
</head>
<body>

 


<link rel="stylesheet" type="text/css" href="style.css">

<!-- BackToTop button javascript 
	bron : https://www.wpromotions.eu/nl/hoe-een-scroll-to-top-knop-toevoegen-aan-website-in-webnode/	-->
<script src="https://ajax.googleapis.com/ajax/libs/jquery/3.2.1/jquery.min.js"></script>

<!-- Deze links komen uit Zoeken.php per 14-12-2024 -->
<script src="https://code.jquery.com/jquery-1.12.4.js"></script>
<script src="https://code.jquery.com/ui/1.12.1/jquery-ui.js"></script>
<link href="https://cdnjs.cloudflare.com/ajax/libs/select2/4.0.3/css/select2.min.css" rel="stylesheet" />
<script src="https://cdnjs.cloudflare.com/ajax/libs/select2/4.0.3/js/select2.min.js"></script>
<!-- Einde Deze links komen uit Zoeken.php per 14-12-2024 -->

<script type="text/javascript">
$(document).ready(function(){
    $(window).scroll(function(){
        if($(this).scrollTop() > 100){
            $('#scroll').fadeIn();
        }else{
            $('#scroll').fadeOut();
        }
    });
    $('#scroll').click(function(){
        $("html, body").animate({ scrollTop: 0 }, 600);
        return false;
    });
});
</script>

 
<a href="javascript;" id="scroll" title="Scroll to Top" style="display: none;">Top<span></span></a> 

<!-- Einde BackToTop button javascript	-->


	<div id = "rechts_uitlijnen" class = 'header_breed'><section style = "text-align : center"; > Home&nbsp&nbsp&nbsp&nbsp&nbsp&nbsp&nbsp&nbsp&nbsp&nbsp&nbsp&nbsp&nbsp&nbsp&nbsp&nbsp&nbsp&nbsp&nbsp&nbsp&nbsp&nbsp&nbsp&nbsp&nbsp&nbsp&nbsp&nbsp </section><img src='OER_van_OVIS.jpg' /></div>

<ul class="header_smal" id = balkCoach >
	<li class="dropdown"><a href= 'http://oer-dev/Home.php' style = 'color : black'>Home</a></li>
	<li class="dropdown"><span>Registratie</span>
		<div class="dropdown-content">
			<a href='http://oer-dev/InvSchaap.php' style = 'color : black'>Aanvoer schaap</a></br></br>
			<a href='http://oer-dev/Med_registratie.php' style = "color : black ;" >Medicijn toediening</a></br></br>
			<a href='http://oer-dev/Dekkingen.php' style = "color : black ;" >Dekkingen / Dracht</a></br></br>
		</div>
	</li>

	<li class="dropdown"><span>Reader</span>
	  <div class="dropdown-content-smal">
	  	<a href='http://oer-dev/InlezenReader.php' style = 'color : black'>Inlezen reader</a></br></br>
	  	<a href='http://oer-dev/Alerts.php' style = 'color : black'>Raederalerts</a></br></br>
	  </div>
	</li>

	<li class="dropdown"><span style = "color : black ;">RVO</span>
	  <div class="dropdown-content-smal">
	  	<a href='http://oer-dev/Melden.php' style = "color : black ;">Melden RVO</a></br></br>
	  	<a href='http://oer-dev/Meldingen.php' style = 'color : black'> Meldingen</a></br></br>
	  </div>
	</li>

	<li class="dropdown"><span>RAADPLEGEN</span>
		<div class="dropdown-content">
		<a href='http://oer-dev/Bezet.php' style = 'color : black'>Verblijven in gebruik</a></br></br>
		<a href='http://oer-dev/Zoeken.php' style = 'color : black'>Schaap opzoeken</a><br/><br/>
		<a href='http://oer-dev/Stallijst.php' style = 'color : black'>Stallijst</a></br></br>
	  	<a href='http://oer-dev/ZoekAfldm.php' style = 'color : black'>Afleverlijst</a></br></br>
		</div>
	</li>

	<li class="dropdown"><span>Rapporten</span>
	  <div class="dropdown-content-breed">
	  	<a href='http://oer-dev/Mndoverz_fok.php' style = "color : black ;">Maandoverz. fokkerij</a></br></br>
	  	<a href='http://oer-dev/Mndoverz_vlees.php' style = "color : black ;">Maandoverz. vleeslam.</a></br></br>
	  	<a href='http://oer-dev/Med_rapportage.php' style = "color : black ;">Medicijn rapportage</a></br></br>
	  	<a href='http://oer-dev/Voer_rapportage.php' style = "color : black ;">Voer rapportage</a></br></br>
	  	<a href='http://oer-dev/MaandTotalen.php' style = "color : black ;">Maandtotalen</a></br></br>
	  	<a href='http://oer-dev/GroeiresultaatSchaap.php' style = "color : black ;">Groeiresultaten per schaap</a></br></br>
	  	<a href='http://oer-dev/GroeiresultaatWeging.php' style = "color : black ;">Groeiresultaten per weging</a></br></br>
	  	<a href='http://oer-dev/ResultHok.php' style = "color : black ;">Periode resultaten</a></br></br>


	  	
	  	<ul class="nested-dropdown">
	  	<li class="dropdown2"><span>Ooi rapporten</span></br></br>
	  		<div class="dropdown-content2">
  			 <a href='http://oer-dev/Ooikaart.php' style = "color : black ;">Ooikaart detail</a></br></br>
  			 <a href='http://oer-dev/OoikaartAll.php' style = "color : black ;">Ooikaart moeders</a></br></br>
  			 <a href='http://oer-dev/Meerlingen5.php' style = "color : black ;">Meerling in periode</a></br></br>
  			 <a href='http://oer-dev/Meerlingen.php' style = "color : black ;">Meerling per geslacht</a></br></br>
  			 <a href='http://oer-dev/Meerlingen2.php' style = "color : black ;">Meerlingen per jaar</a></br></br>
  			 <a href='http://oer-dev/Meerlingen3.php' style = "color : black ;">Meerling oplopend</a></br></br>
  			 <a href='http://oer-dev/Meerlingen4.php' style = "color : black ;">Meerlingen aanwezig</a></br></br>
	  		</div>
	  	</li>
	  	</ul>

	  </div>
	</li>
	
	<li class="dropdown"><span>Voorraadbeheer</span>
	  <div class="dropdown-content">
	  	<a href='http://oer-dev/Medicijnen.php' style = "color : black ;">Medicijnenbestand</a></br></br>
	  	<a href='http://oer-dev/Voer.php' style = "color : black ;">Voerbestand</a></br></br>
	  	<a href='http://oer-dev/Inkopen.php' style = "color : black ;">Inkopen</a></br></br>
	  	<a href='http://oer-dev/Voorraad.php' style = "color : black ;">Voorraad</a></br></br>
	  </div>
	</li>
	
	<li class="dropdown"><span>Financieel</span>
	  <div class="dropdown-content">
	  	<a href='http://oer-dev/Kostenopgaaf.php' style = "color : black ;">Inboeken</a></br></br>
	  	<a href='http://oer-dev/Deklijst.php' style = "color : black ;">Deklijst</a></br></br>
	  	<a href='http://oer-dev/Liquiditeit.php' style = "color : black ;">Liquiditeit</a></br></br>
	  	<a href='http://oer-dev/Saldoberekening.php' style = "color : black ;">Saldoberekening</a></br></br>
	  	<a href='http://oer-dev/Rubrieken.php' style = "color : black ;">Rubrieken</a></br></br>
	  	<a href='http://oer-dev/Componenten.php' style = "color : black ;">Componenten</a></br></br>
	  	<a href='http://oer-dev/Kostenoverzicht.php' style = "color : black ;">Betaalde posten</a></br></br>
	  </div>
	</li>


<li class="dropdown"><span style = 'color : black'>Beheer</span>
	  <div class="dropdown-content">
		<a href='http://oer-dev/Hok.php' style = "color : black ;">
Verblijven</a><br/><br/>
	  	<a href='http://oer-dev/Ras.php' style = 'color : black'>Rassen</a><br/><br/>
		<a href='http://oer-dev/Uitval.php' style = 'color : black'>Redenen en momenten</a></br></br>
		<a href='http://oer-dev/Combireden.php' style = 'color : black'>Combi redenen</a></br></br>
		<a href='http://oer-dev/Vader.php' style = 'color : black'>Dekrammen</a><br/><br/>
		<a href='http://oer-dev/Eenheden.php' style = "color : black ;">
Eenheden</a></br></br>
		<a href='http://oer-dev/Relaties.php' style = 'color : black'>Relaties</a></br></br>

		<a href='http://oer-dev/Readerversies.php' style = "color : red ;">Readerversies</a></br></br>
		<a href='http://oer-dev/Readerbestanden.php' style = 'color : black'>Readerbestanden</a></br></br>
		<a href='http://oer-dev/Gebruikers.php' style = 'color : black'>
Gebruikers</a></br></br> 		<a href='http://oer-dev/Systeem.php' style = 'color : black'>Instellingen</a></br></br>
	  </div>
	</li>

	<li id = "rechts_uitlijnen"><a href='http://oer-dev/index.php' style = 'color : black'>Uitloggen</a></li>




</ul>

<!-- <script src="test2_script_header.js"></script> -->

<table id ="table1" align="center">
<tbody>
<tr height = 90> </tr>
<TR>
	


			<TD align = "center" width = "1600">
<!-- 29-4-2015 : bestand gemaakt 
4-12-2016 : Response bestand in de map BRIGHT wordt gezocht o.b.v. requestId zonder melddatum (dmmeld) niet meer o.b.v. requestId zonder meldnummer 
12-2-2017 : Response bestand in de map BRIGHT wordt gezocht o.b.v. def = N uit de tabel impRespons niet meer o.b.v. requestId zonder melddatum (dmmeld). Als een melding wordt vastgelegd wordt het response-bestand anders niet ingelezen 
28-12-2018 : response bestand wordt ingelezen als requestbestand ook nog in de map BRIGHT staat. Als het response bestand (spontaan) nogmaals wordt aangeleverd wordt deze nu niet meer ingelezen 
20-2-2020 locatie van bestanden gebaseerd op een functie 
1-4-2022 sql beveiligd met quotes 
10-05-2023 : Als er definitieve melding om redenen opnieuw moet worden aangeboden aan RVO mag het veld impRespons.def niet de waarde J hebben bij het betreffende reqId. Anders wordt het response bestand van Bright niet meer verwerkt. De waarde J heb ik gewijzigd naar Y en de query $zoek_laatste_response hierop aangepast. rp.def = 'N' gewijzigd naar rp.def != 'J'  
28-12-2023 : and h.skip = 0 toegevoegd bij tblHistorie 
15-07-2025 : ubn uit bestandsnaam $requestfile en $responsfile (richting RVO) gehaald --> 



<table>
<tr>
 <td>
	<img src="OER_van_OVIS.jpg" width= 650 height= 240 valign = "center"/>
 </td>
</tr>
</table>

</TD>


<script>
$('#datepicker1').attr('autocomplete','off');
$('#datepicker2').attr('autocomplete','off');
$('#datepicker3').attr('autocomplete','off');
$('#datepicker4').attr('autocomplete','off');
$('#datepicker5').attr('autocomplete','off');
</script>
<td width = '150' height = '100' valign='top'>
Menu : <br>
<hr style ='color : #A6C6EB'>
<a href= 'http://oer-dev/Home.php' style = 'color : blue'>
Home</a> <br>
<hr style ='color : #E2E2E2'>
<a href='http://oer-dev/InvSchaap.php' style = 'color : blue'>
Aanvoer schaap</a>
<hr style ='color : #E2E2E2'>
<a href='http://oer-dev/InlezenReader.php' style = 'color : blue'>
Inlezen reader</a> <br>
<hr style ='color : #E2E2E2'>
<a href='http://oer-dev/Melden.php' style = 'color : blue'> RVO</a> <br>
<hr style ='color : #E2E2E2'>

	<a href='http://oer-dev/Bezet.php' style = 'color : blue'>
Verblijven in gebruik</a>
		
<hr style ='color : #E2E2E2'>
<a href='http://oer-dev/Zoeken.php' style = 'color : blue'>
Schaap opzoeken</a>
<hr style ='color : #E2E2E2'>
<a href='http://oer-dev/Med_registratie.php' style = "color : blue ;" > 
Medicijn toediening</a>
<hr style ='color : #E2E2E2'>
<a href='http://oer-dev/Dekkingen.php' style = 'color : blue'>
Dekkingen / Dracht</a>
<hr style ='color : #E2E2E2'>
<a href='http://oer-dev/Alerts.php' style = "color : blue ;">
Raederalerts</a>
<hr style ='color : #E2E2E2'>

<a href='http://oer-dev/Rapport.php' style = 'color : blue'>
Rapporten</a>
<hr style ='color : #E2E2E2'>
 <a href='http://oer-dev/Beheer.php' style = 'color : blue'> Beheer</a>
<hr style ='color : #E2E2E2'>
<a href='http://oer-dev/Inkoop.php' style = "color : blue ;">
Voorraadbeheer</a>
<hr style ='color : #E2E2E2'>
<a href='http://oer-dev/Finance.php' style = "color : blue ;">
Financieel</a>
<hr style ='color : #E2E2E2'>


<i style = "color : #E2E2E2;">versie : 26-12-2024 </i> <br> <i style = "color : #E2E2E2;">ingelogd : 1</i>
</td>


</TR>
</tbody>
</table>

</body>
</html>
